Venirauto 132; 
Sunbeam 135; 
Jac 139; 
Dong_Feng 143; 
Acura 1; 
Alfa_Romeo 2; 
AMC 3; 
Aro 4; 
Audi 5; 
Autogago 6; 
BMW 7; 
Bobcat 8; 
Buick 9; 
Cadillac 10; 
Caterpillar 11; 
Chana 12; 
Changhe 13; 
Chery 14; 
Chevrolet 16; 
Chrysler 17; 
Citroen 19; 
Clark 20; 
Corvette 21; 
Dacia 22; 
Daewoo 23; 
Daihatsu 24; 
Dodge 25; 
Eagle 26; 
Encava 27; 
Excalibur 28; 
Fami 29; 
Ferrari 30; 
Fiat 31; 
Ford 33; 
Freightliner 34; 
Geely 35; 
Geo 36; 
GMC 37; 
Great_Dane 38; 
Great_Wall 39; 
Guri 40; 
Hafei 41; 
Honda 42; 
Hyundai 43; 
Infiniti 44; 
International 45; 
Isuzu 46; 
Iveco 47; 
Jaguar 48; 
Jeep 49; 
John_Deere 50; 
Kenworth 51; 
Kia 52; 
Lada 53; 
Lamborghini 54; 
Land_Rover 55; 
Landwind 56; 
Lexus 57; 
Lincoln 58; 
Lotus 59; 
Mack 60; 
Maserati 61; 
Mazda 62; 
Mercedes_Benz 63; 
Mercury 64; 
MG 65; 
Mini 66; 
Mitsubishi 67; 
Muveca 68; 
Nissan 69; 
Oldsmobile 70; 
Opel 71; 
Otros 72; 
Packard 73; 
Pegaso 74; 
Peugeot 75; 
Plymouth 76; 
Pontiac 77; 
Porsche 78; 
Renault 79; 
Rolls_Royce 80; 
Rover 81; 
Saic_Wuling 82; 
Saturn 83; 
Scania 84; 
Scion 85; 
Seat 86; 
SG_Automotive 87; 
Skoda 88; 
Smart 89; 
Steyr_Puch 90; 
Subaru 91; 
Suzuki 92; 
Tata 93; 
Tatra 94; 
Titan 95; 
Toyota 96; 
Triumph 97; 
Volkswagen 98; 
Volvo 99; 
Zhongxing 100; 
Zotye 101; 
Ebro 102; 
Hummer 103; 
Studebaker 104; 
Austin 105; 
Kamaz 115; 
Haima 116; 
Jmc 121; 
Foton 122; 
Marcopolo 124; 
Dfm 127; 
Ssangyong 128; 
Gonow 129; 
Golden_Dragon 130; 
Pgo 131; 
Case 106; 
Hyster 107; 
Barber_Greene 108; 
Shuanghuan 109; 
Tampo 110; 
Forland 133; 
Byd 134; 
Lifan 138; 
